(physical_literal={l=(v:abstract_literal=(based_literal={b=016, n=AFFE.42#E+69})), u=h})