(subtype_indication
  (type_mark<v>
    (name<v>
      (identifier
        type_mark
      )
    )
  )
)
