(unconstrained_array_definition
  (index_subtype_definition
    (name<v>
      (identifier
        NATURAL
      )
    )
  )
  (index_subtype_definition
    (name<v>
      (identifier
        POSITIVE
      )
    )
  )
  (subtype_indication
    (type_mark<v>
      (name<v>
        (identifier
          Log_4
        )
      )
    )
  )
)
