(type_declaration<v>
  (name<v>
    (identifier
      STRING
    )
  )
)
