(actual_part<v>
  (name<v>
    (identifier
      function_name_or_type_mark
    )
  )
  (actual_designator<v>
    (expression
      (relation
        (shift_expression
          (simple_expression
            (term
              (primary<v>
                (name<v>
                  (identifier
                    actual_designator
                  )
                )
              )
            )
          )
        )
      )
    )
  )
)
