(range<v>
  (simple_expression
    (term
      (primary<v>
        (expression
          (relation
            (shift_expression
              (simple_expression
                (term
                  (factor_binary_operation
                    (literal<v>
                      (numeric_literal<v>
                        (abstract_literal<v>
                          (decimal_literal
                            literal: 2, hint: int
                          )
                        )
                      )
                    )
                    operator: EXPONENT,
                    (expression
                      (relation
                        (shift_expression
                          (simple_expression
                            (term
                              (primary<v>
                                (name<v>
                                  (identifier
                                    N
                                  )
                                )
                              )
                            ),
                            operator: ADD,
                            (term
                              (primary<v>
                                (literal<v>
                                  (numeric_literal<v>
                                    (abstract_literal<v>
                                      (decimal_literal
                                        literal: 1, hint: int
                                      )
                                    )
                                  )
                                )
                              )
                            )
                          )
                        )
                      )
                    )
                  )
                )
              )
            )
          )
        )
      )
    ),
    operator: SUB,
    (term
      (primary<v>
        (literal<v>
          (numeric_literal<v>
            (abstract_literal<v>
              (decimal_literal
                literal: 1, hint: int
              )
            )
          )
        )
      )
    )
  )
  (keyword
    DOWNTO
  )
  (simple_expression
    (term
      (primary<v>
        (literal<v>
          (numeric_literal<v>
            (abstract_literal<v>
              (decimal_literal
                literal: 0, hint: int
              )
            )
          )
        )
      )
    )
  )
)
