(v:abstract_literal=(decimal_literal={l=1000, tag=int}))