(discrete_range<v>
  (subtype_indication
    (name<v>
      (identifier
        typemark_or_range_attribute_name
      )
    )
  )
)
