(physical_literal
  (abstract_literal<v>
    (based_literal
      base: 16, integer: FF, type: integer
    )
  ),
  (unit_name: ns)
)
