(use_clause
  (name<v>
    (identifier
      ieee
    )
  ).
  (name<v>
    (identifier
      math_real
    )
  ).
  (suffix<v>
    (identifier
      MATH_PI
    )
  )
)
