(entity_aspect<v>
  (name<v>
    (identifier
      COUNTER
    )
  )
)
