(numeric_literal<v>
  (abstract_literal<v>
    (based_literal
      base: 8, integer: 42, type: integer
    )
  )
)
