(wait_statement
  (sensitivity_clause
    (sensitivity_list
      (name<v>
        (identifier
          A
        )
      ),
      (name<v>
        (identifier
          B
        )
      )
    )
  )
)
