(file_declaration
  (identifier_list
    (identifier
      F3
    )
  )
  (subtype_indication
    (name<v>
      (identifier
        IntegerFile
      )
    )
  )
  (file_open_information
    (expression
      (relation
        (shift_expression
          (simple_expression
            (term
              (primary<v>
                (name<v>
                  (identifier
                    WRITE_MODE
                  )
                )
              )
            )
          )
        )
      )
    )
    (expression
      (relation
        (shift_expression
          (simple_expression
            (term
              (primary<v>
                (literal<v>
                  (string_literal
                    test.dat
                  )
                )
              )
            )
          )
        )
      )
    )
  )
)
