(binding_indication
  (entity_aspect<v>
    (entity_aspect::entity
      (name<v>
        (identifier
          foo
        )
      )
    )
  )
  (generic_map_aspect
    (association_list
      ()
    )
  )
  (port_map_aspect
    (association_list
      ()
    )
  )
)
