(case_statement
  (identifier
    case_label
  )
  (expression
    (relation
      (shift_expression
        (simple_expression
          (term
            (primary<v>
              (name<v>
                (identifier
                  expression
                )
              )
            )
          )
        )
      )
    )
  )
  (case_statement_alternative*
    (case_statement_alternative
      (choices
        (choice<v>
          (simple_expression
            (term
              (primary<v>
                (literal<v>
                  (string_literal
                    choices
                  )
                )
              )
            )
          )
        )
      )
      (sequence_of_statements
        (sequential_statement<v>
          (exit_statement
            
          )
        )
      )
    ),
    (case_statement_alternative
      (choices
        (choice<v>
          (simple_expression
            (term
              (primary<v>
                (literal<v>
                  (string_literal
                    foo
                  )
                )
              )
            )
          )
        )
      )
      (sequence_of_statements
        (sequential_statement<v>
          (null_statement
            
          )
        )
      )
    )
  )
  (identifier
    case_label
  )
)
