(binding_indication
  (entity_aspect<v>
    (name<v>
      (identifier
        Buf
      )
    )
    (identifier
      DataFlow
    )
  )
  GENERIC MAP_ASPECT
  (association_element
    (formal_part
      (formal_designator
        (name<v>
          (identifier
            Buf_Delay
          )
        )
      )
    )
    (actual_part<v>
      (actual_designator<v>
        (name<v>
          (identifier
            Comp_Buf_Delay
          )
        )
      )
    )
  )
  PORT MAP_ASPECT
  (association_element
    (formal_part
      (formal_designator
        (name<v>
          (identifier
            Input_pin
          )
        )
      )
    )
    (actual_part<v>
      (actual_designator<v>
        (name<v>
          (identifier
            Comp_I
          )
        )
      )
    )
  ),
  (association_element
    (formal_part
      (formal_designator
        (name<v>
          (identifier
            Output_pin
          )
        )
      )
    )
    (actual_part<v>
      (actual_designator<v>
        (name<v>
          (identifier
            Comp_O
          )
        )
      )
    )
  )
)
