In line 1:
Test Suite Full Match Error! unparsed input left:
_


42_
__^_
