(decimal_literal
  literal: 1.34E-12, type: real
)
