(abstract_literal<v>
  (based_literal
    base: 016, integer: 00_FF, exp: e-42, type: integer
  )
)
