(formal_part
  (formal_designator
    (name<v>
      (identifier
        formal_designator
      )
    )
  )
)
