(primary<v>
  (name<v>
    (simple_name
      \BUS\
    )
  )
)
